// Jest Snapshot v1, https://goo.gl/fbAQLP

exports[`AccountHistoryInput Renders Correctly 1`] = `
<div>
  <h3
    id="title"
  >
    Mutual Funds
  </h3>
  <table
    className="table"
    id="assets"
  >
    <tbody>
      <tr>
        <th
          key="0"
        >
          NAME
        </th>
        <th
          key="1"
        >
          PRICE
        </th>
        <th
          key="2"
        >
          QUANTITY
        </th>
        <th
          key="3"
        >
          INCOMEPAYMENTMONTH
        </th>
        <th
          key="4"
        >
          INCOMEPAYMENTDAY
        </th>
        <th
          key="5"
        >
          USEDAILYFACTOR
        </th>
        <th
          key="6"
        >
          ACCRUALMETHODTYPE
        </th>
        <th
          key="7"
        >
          EXCHANGETYPE
        </th>
        <th
          key="8"
        >
          EARNINGSPERSHAREDILUTED
        </th>
        <th
          key="9"
        >
          FUNDFAMILYID
        </th>
        <th
          key="10"
        >
          FUNDCATEGORYID
        </th>
        <th
          key="11"
        >
          FUNDNUMBER
        </th>
        <th
          key="12"
        >
          FUNDSTATUSTYPE
        </th>
        <th
          key="13"
        >
          SHORTTERMREDEMPTIONFEEPERCENT
        </th>
        <th
          key="14"
        >
          SHORTTERMHOLDINGPERIOD
        </th>
      </tr>
    </tbody>
  </table>
  <form
    onSubmit={[Function]}
  >
    <label>
      Name
    </label>
    <input
      name="inputName"
      onChange={[Function]}
      required={true}
      type="text"
      value={null}
    />
    <br />
    <label>
      Price
    </label>
    <input
      name="inputPrice"
      onChange={[Function]}
      required={true}
      type="number"
      value={null}
    />
    <br />
    <label>
      Quantity
    </label>
    <input
      name="inputQuantity"
      onChange={[Function]}
      required={true}
      type="number"
      value={null}
    />
    <br />
    <label>
      IncomePaymentMonth
    </label>
    <input
      name="inputIncomePaymentMonth"
      onChange={[Function]}
      required={true}
      type="number"
      value={null}
    />
    <br />
    <label>
      IncomePaymentDay
    </label>
    <input
      name="inputIncomePaymentDay"
      onChange={[Function]}
      required={true}
      type="number"
      value={null}
    />
    <br />
    <label>
      UseDailyFactor
    </label>
    <select
      name="inputUseDailyFactor"
      onChange={[Function]}
      required={true}
      value={null}
    >
      <option
        value="true"
      >
        true
      </option>
      <option
        value="false"
      >
        false
      </option>
      <option
        selected="selected"
        value="null"
      >
         
      </option>
    </select>
    <br />
    <label>
      AccrualMethodType
    </label>
    <input
      name="inputAccrualMethodType"
      onChange={[Function]}
      required={true}
      type="text"
      value={null}
    />
    <br />
    <label>
      ExchangeType
    </label>
    <input
      name="inputExchangeType"
      onChange={[Function]}
      required={true}
      type="text"
      value={null}
    />
    <br />
    <label>
      EarningsPerShareDiluted
    </label>
    <input
      name="inputEarningsPerShareDiluted"
      onChange={[Function]}
      required={true}
      type="number"
      value={null}
    />
    <br />
    <label>
      FundFamilyId
    </label>
    <input
      name="inputFundFamilyId"
      onChange={[Function]}
      required={true}
      type="number"
      value={null}
    />
    <br />
    <label>
      FundCategoryId
    </label>
    <input
      name="inputFundCategoryId"
      onChange={[Function]}
      required={true}
      type="number"
      value={null}
    />
    <br />
    <label>
      FundNumber
    </label>
    <input
      name="inputFundNumber"
      onChange={[Function]}
      required={true}
      type="number"
      value={null}
    />
    <br />
    <label>
      FundStatusType
    </label>
    <input
      name="inputFundStatusType"
      onChange={[Function]}
      required={true}
      type="text"
      value={null}
    />
    <br />
    <label>
      ShortTermRedemptionFeePercent
    </label>
    <input
      name="inputShortTermRedemptionFeePercent"
      onChange={[Function]}
      required={true}
      type="number"
      value={null}
    />
    <br />
    <label>
      ShortTermHoldingPeriod
    </label>
    <input
      name="inputShortTermHoldingPeriod"
      onChange={[Function]}
      required={true}
      type="number"
      value={null}
    />
    <br />
    <input
      type="submit"
      value="Add Asset"
    />
  </form>
  <button
    onClick={[Function]}
  >
     Remove Asset
  </button>
  <br />
  <br />
</div>
`;
