// Jest Snapshot v1, https://goo.gl/fbAQLP

exports[`PersonalInput Renders Correctly 1`] = `
<div>
  <h3>
    Account Holder Information
  </h3>
  <br />
  <label>
    First Name
  </label>
  <br />
  <input
    name="inputFirstName"
    onChange={[Function]}
    type="text"
    value={null}
  />
  <br />
  <br />
  <label>
    Middle Name
  </label>
  <br />
  <input
    name="inputMiddleName"
    onChange={[Function]}
    type="text"
    value={null}
  />
  <br />
  <br />
  <label>
    Last Name
  </label>
  <br />
  <input
    name="inputLastName"
    onChange={[Function]}
    type="text"
    value={null}
  />
  <br />
  <br />
  <label>
    Honorific
  </label>
  <br />
  <select
    name="inputHonorific"
    onChange={[Function]}
    value={null}
  >
    <option
      value="Mr"
    >
      Mr
    </option>
    <option
      value="Mrs"
    >
      Mrs
    </option>
    <option
      value="Ms"
    >
      Ms
    </option>
    <option
      value="Dr"
    >
      Dr
    </option>
    <option
      selected="selected"
      value=""
    >
       
    </option>
  </select>
  <br />
  <br />
  <label>
    Email
  </label>
  <br />
  <input
    name="inputEmailAddress"
    onChange={[Function]}
    type="text"
    value={null}
  />
  <br />
  <br />
  <hr />
</div>
`;
