// Jest Snapshot v1, https://goo.gl/fbAQLP

exports[`PersonalInput Renders Correctly 1`] = `
<div>
  <h3
    id="title"
  >
    Stocks
  </h3>
  <table
    className="table"
    id="assets"
  >
    <tbody>
      <tr />
    </tbody>
  </table>
  <form
    onSubmit={[Function]}
  >
    <label>
      Name
    </label>
    <input
      name="inputName"
      onChange={[Function]}
      required={true}
      type="text"
      value={null}
    />
    <br />
    <label>
      Price
    </label>
    <input
      name="inputPrice"
      onChange={[Function]}
      required={true}
      type="number"
      value={null}
    />
    <br />
    <label>
      Quantity
    </label>
    <input
      name="inputQuantity"
      onChange={[Function]}
      required={true}
      type="number"
      value={null}
    />
    <br />
    <label>
      ExchangeType
    </label>
    <input
      name="inputExchangeType"
      onChange={[Function]}
      required={true}
      type="text"
      value={null}
    />
    <br />
    <label>
      EarningsPerShareDiluted
    </label>
    <input
      name="inputEarningsPerShareDiluted"
      onChange={[Function]}
      required={true}
      type="number"
      value={null}
    />
    <br />
    <label>
      EarningPerShareBasic
    </label>
    <input
      name="inputEarningPerShareBasic"
      onChange={[Function]}
      required={true}
      type="number"
      value={null}
    />
    <br />
    <label>
      EarningsPerShareEffectiveDate
    </label>
    <input
      name="inputEarningsPerShareEffectiveDate"
      onChange={[Function]}
      required={true}
      type="date"
      value={null}
    />
    <br />
    <label>
      PaymentFrequencyType
    </label>
    <input
      name="inputPaymentFrequencyType"
      onChange={[Function]}
      required={true}
      type="text"
      value={null}
    />
    <br />
    <label>
      SharesOutstanding
    </label>
    <input
      name="inputSharesOutstanding"
      onChange={[Function]}
      required={true}
      type="number"
      value={null}
    />
    <br />
    <label>
      IsIncludedIn13F
    </label>
    <select
      name="inputIsIncludedIn13F"
      onChange={[Function]}
      required={true}
      value={null}
    >
      <option
        value="true"
      >
        true
      </option>
      <option
        value="false"
      >
        false
      </option>
      <option
        selected="selected"
        value="null"
      >
         
      </option>
    </select>
    <br />
    <label>
      IsRestrictedByRule144A
    </label>
    <select
      name="inputIsRestrictedByRule144A"
      onChange={[Function]}
      required={true}
      value={null}
    >
      <option
        value="true"
      >
        true
      </option>
      <option
        value="false"
      >
        false
      </option>
      <option
        selected="selected"
        value="null"
      >
         
      </option>
    </select>
    <br />
    <label>
      CalculatedMarketCapType
    </label>
    <input
      name="inputCalculatedMarketCapType"
      onChange={[Function]}
      required={true}
      type="text"
      value={null}
    />
    <br />
    <input
      type="submit"
      value="Add Asset"
    />
  </form>
  <button
    onClick={[Function]}
  >
     Remove Asset
  </button>
  <br />
  <br />
</div>
`;
